Harness status: Error

Found 2 tests

2 Pass
Pass	No violation reported for TrustedHTML.
Pass	Violation report for plain string.